{
    "swaggerVersion": "1.2",
    "apis": [
        {
            "path": "/api-docs"
        },
        {
            "path": "/testroutes"
        }
    ]
}